0.7034971328193875273 0.37402413350776198 0.1922922317654743307 0.09743920029464904486 0.0491027943864018393 0.02463486688600019514 
